build	Set up job	ï»¿2026-01-17T17:25:35.5187566Z Current runner version: '2.331.0'
build	Set up job	2026-01-17T17:25:35.5210820Z ##[group]Runner Image Provisioner
build	Set up job	2026-01-17T17:25:35.5211768Z Hosted Compute Agent
build	Set up job	2026-01-17T17:25:35.5212407Z Version: 20251211.462
build	Set up job	2026-01-17T17:25:35.5212968Z Commit: 6cbad8c2bb55d58165063d031ccabf57e2d2db61
build	Set up job	2026-01-17T17:25:35.5213649Z Build Date: 2025-12-11T16:28:49Z
build	Set up job	2026-01-17T17:25:35.5214328Z Worker ID: {58573571-1bf5-4351-9c00-c8ca316e216e}
build	Set up job	2026-01-17T17:25:35.5214983Z ##[endgroup]
build	Set up job	2026-01-17T17:25:35.5215502Z ##[group]Operating System
build	Set up job	2026-01-17T17:25:35.5216046Z Ubuntu
build	Set up job	2026-01-17T17:25:35.5216530Z 24.04.3
build	Set up job	2026-01-17T17:25:35.5216936Z LTS
build	Set up job	2026-01-17T17:25:35.5217477Z ##[endgroup]
build	Set up job	2026-01-17T17:25:35.5217983Z ##[group]Runner Image
build	Set up job	2026-01-17T17:25:35.5218525Z Image: ubuntu-24.04
build	Set up job	2026-01-17T17:25:35.5219058Z Version: 20260111.209.1
build	Set up job	2026-01-17T17:25:35.5220029Z Included Software: https://github.com/actions/runner-images/blob/ubuntu24/20260111.209/images/ubuntu/Ubuntu2404-Readme.md
build	Set up job	2026-01-17T17:25:35.5221392Z Image Release: https://github.com/actions/runner-images/releases/tag/ubuntu24%2F20260111.209
build	Set up job	2026-01-17T17:25:35.5222799Z ##[endgroup]
build	Set up job	2026-01-17T17:25:35.5223758Z ##[group]GITHUB_TOKEN Permissions
build	Set up job	2026-01-17T17:25:35.5225583Z Contents: write
build	Set up job	2026-01-17T17:25:35.5226104Z Metadata: read
build	Set up job	2026-01-17T17:25:35.5226579Z ##[endgroup]
build	Set up job	2026-01-17T17:25:35.5229023Z Secret source: Actions
build	Set up job	2026-01-17T17:25:35.5229728Z Prepare workflow directory
build	Set up job	2026-01-17T17:25:35.5557619Z Prepare all required actions
build	Set up job	2026-01-17T17:25:35.5595927Z Getting action download info
build	Set up job	2026-01-17T17:25:35.9325500Z Download action repository 'actions/checkout@v4' (SHA:34e114876b0b11c390a56381ad16ebd13914f8d5)
build	Set up job	2026-01-17T17:25:36.0457499Z Download action repository 'actions/setup-java@v4' (SHA:c1e323688fd81a25caa38c78aa6df2d33d3e20d9)
build	Set up job	2026-01-17T17:25:36.8522822Z Download action repository 'softprops/action-gh-release@v1' (SHA:de2c0eb89ae2a093876385947365aca7b0e5f844)
build	Set up job	2026-01-17T17:25:37.4864921Z Complete job name: build
build	Run actions/checkout@v4	ï»¿2026-01-17T17:25:37.5692536Z ##[group]Run actions/checkout@v4
build	Run actions/checkout@v4	2026-01-17T17:25:37.5693843Z with:
build	Run actions/checkout@v4	2026-01-17T17:25:37.5694588Z   repository: aureole999/BluetoothConnector
build	Run actions/checkout@v4	2026-01-17T17:25:37.5695851Z   token: ***
build	Run actions/checkout@v4	2026-01-17T17:25:37.5696538Z   ssh-strict: true
build	Run actions/checkout@v4	2026-01-17T17:25:37.5697236Z   ssh-user: git
build	Run actions/checkout@v4	2026-01-17T17:25:37.5697968Z   persist-credentials: true
build	Run actions/checkout@v4	2026-01-17T17:25:37.5698779Z   clean: true
build	Run actions/checkout@v4	2026-01-17T17:25:37.5699508Z   sparse-checkout-cone-mode: true
build	Run actions/checkout@v4	2026-01-17T17:25:37.5700456Z   fetch-depth: 1
build	Run actions/checkout@v4	2026-01-17T17:25:37.5701153Z   fetch-tags: false
build	Run actions/checkout@v4	2026-01-17T17:25:37.5702003Z   show-progress: true
build	Run actions/checkout@v4	2026-01-17T17:25:37.5702734Z   lfs: false
build	Run actions/checkout@v4	2026-01-17T17:25:37.5703423Z   submodules: false
build	Run actions/checkout@v4	2026-01-17T17:25:37.5704156Z   set-safe-directory: true
build	Run actions/checkout@v4	2026-01-17T17:25:37.5705202Z ##[endgroup]
build	Run actions/checkout@v4	2026-01-17T17:25:37.6775951Z Syncing repository: aureole999/BluetoothConnector
build	Run actions/checkout@v4	2026-01-17T17:25:37.6778546Z ##[group]Getting Git version info
build	Run actions/checkout@v4	2026-01-17T17:25:37.6780176Z Working directory is '/home/runner/work/BluetoothConnector/BluetoothConnector'
build	Run actions/checkout@v4	2026-01-17T17:25:37.6782493Z [command]/usr/bin/git version
build	Run actions/checkout@v4	2026-01-17T17:25:37.6843604Z git version 2.52.0
build	Run actions/checkout@v4	2026-01-17T17:25:37.6870060Z ##[endgroup]
build	Run actions/checkout@v4	2026-01-17T17:25:37.6885034Z Temporarily overriding HOME='/home/runner/work/_temp/d4470753-9df0-452c-952b-590b574f74c9' before making global git config changes
build	Run actions/checkout@v4	2026-01-17T17:25:37.6888323Z Adding repository directory to the temporary git global config as a safe directory
build	Run actions/checkout@v4	2026-01-17T17:25:37.6897275Z [command]/usr/bin/git config --global --add safe.directory /home/runner/work/BluetoothConnector/BluetoothConnector
build	Run actions/checkout@v4	2026-01-17T17:25:37.6935177Z Deleting the contents of '/home/runner/work/BluetoothConnector/BluetoothConnector'
build	Run actions/checkout@v4	2026-01-17T17:25:37.6938255Z ##[group]Initializing the repository
build	Run actions/checkout@v4	2026-01-17T17:25:37.6942582Z [command]/usr/bin/git init /home/runner/work/BluetoothConnector/BluetoothConnector
build	Run actions/checkout@v4	2026-01-17T17:25:37.7035530Z hint: Using 'master' as the name for the initial branch. This default branch name
build	Run actions/checkout@v4	2026-01-17T17:25:37.7038550Z hint: will change to "main" in Git 3.0. To configure the initial branch name
build	Run actions/checkout@v4	2026-01-17T17:25:37.7041895Z hint: to use in all of your new repositories, which will suppress this warning,
build	Run actions/checkout@v4	2026-01-17T17:25:37.7043395Z hint: call:
build	Run actions/checkout@v4	2026-01-17T17:25:37.7044031Z hint:
build	Run actions/checkout@v4	2026-01-17T17:25:37.7045130Z hint: 	git config --global init.defaultBranch <name>
build	Run actions/checkout@v4	2026-01-17T17:25:37.7046901Z hint:
build	Run actions/checkout@v4	2026-01-17T17:25:37.7048472Z hint: Names commonly chosen instead of 'master' are 'main', 'trunk' and
build	Run actions/checkout@v4	2026-01-17T17:25:37.7050431Z hint: 'development'. The just-created branch can be renamed via this command:
build	Run actions/checkout@v4	2026-01-17T17:25:37.7052771Z hint:
build	Run actions/checkout@v4	2026-01-17T17:25:37.7053737Z hint: 	git branch -m <name>
build	Run actions/checkout@v4	2026-01-17T17:25:37.7054547Z hint:
build	Run actions/checkout@v4	2026-01-17T17:25:37.7055659Z hint: Disable this message with "git config set advice.defaultBranchName false"
build	Run actions/checkout@v4	2026-01-17T17:25:37.7057816Z Initialized empty Git repository in /home/runner/work/BluetoothConnector/BluetoothConnector/.git/
build	Run actions/checkout@v4	2026-01-17T17:25:37.7061089Z [command]/usr/bin/git remote add origin https://github.com/aureole999/BluetoothConnector
build	Run actions/checkout@v4	2026-01-17T17:25:37.7090320Z ##[endgroup]
build	Run actions/checkout@v4	2026-01-17T17:25:37.7091895Z ##[group]Disabling automatic garbage collection
build	Run actions/checkout@v4	2026-01-17T17:25:37.7093099Z [command]/usr/bin/git config --local gc.auto 0
build	Run actions/checkout@v4	2026-01-17T17:25:37.7119772Z ##[endgroup]
build	Run actions/checkout@v4	2026-01-17T17:25:37.7120932Z ##[group]Setting up auth
build	Run actions/checkout@v4	2026-01-17T17:25:37.7126102Z [command]/usr/bin/git config --local --name-only --get-regexp core\.sshCommand
build	Run actions/checkout@v4	2026-01-17T17:25:37.7155859Z [command]/usr/bin/git submodule foreach --recursive sh -c "git config --local --name-only --get-regexp 'core\.sshCommand' && git config --local --unset-all 'core.sshCommand' || :"
build	Run actions/checkout@v4	2026-01-17T17:25:37.7481335Z [command]/usr/bin/git config --local --name-only --get-regexp http\.https\:\/\/github\.com\/\.extraheader
build	Run actions/checkout@v4	2026-01-17T17:25:37.7513591Z [command]/usr/bin/git submodule foreach --recursive sh -c "git config --local --name-only --get-regexp 'http\.https\:\/\/github\.com\/\.extraheader' && git config --local --unset-all 'http.https://github.com/.extraheader' || :"
build	Run actions/checkout@v4	2026-01-17T17:25:37.7726491Z [command]/usr/bin/git config --local --name-only --get-regexp ^includeIf\.gitdir:
build	Run actions/checkout@v4	2026-01-17T17:25:37.7757194Z [command]/usr/bin/git submodule foreach --recursive git config --local --show-origin --name-only --get-regexp remote.origin.url
build	Run actions/checkout@v4	2026-01-17T17:25:37.7986954Z [command]/usr/bin/git config --local http.https://github.com/.extraheader AUTHORIZATION: basic ***
build	Run actions/checkout@v4	2026-01-17T17:25:37.8019558Z ##[endgroup]
build	Run actions/checkout@v4	2026-01-17T17:25:37.8021887Z ##[group]Fetching the repository
build	Run actions/checkout@v4	2026-01-17T17:25:37.8030467Z [command]/usr/bin/git -c protocol.version=2 fetch --no-tags --prune --no-recurse-submodules --depth=1 origin +0de11e7cf33835231a7659fa9e3314da570e07e0:refs/tags/v1.0.0
build	Run actions/checkout@v4	2026-01-17T17:25:40.2509736Z From https://github.com/aureole999/BluetoothConnector
build	Run actions/checkout@v4	2026-01-17T17:25:40.2511019Z  * [new ref]         0de11e7cf33835231a7659fa9e3314da570e07e0 -> v1.0.0
build	Run actions/checkout@v4	2026-01-17T17:25:40.2538765Z ##[endgroup]
build	Run actions/checkout@v4	2026-01-17T17:25:40.2539548Z ##[group]Determining the checkout info
build	Run actions/checkout@v4	2026-01-17T17:25:40.2548875Z ##[endgroup]
build	Run actions/checkout@v4	2026-01-17T17:25:40.2549562Z [command]/usr/bin/git sparse-checkout disable
build	Run actions/checkout@v4	2026-01-17T17:25:40.2592772Z [command]/usr/bin/git config --local --unset-all extensions.worktreeConfig
build	Run actions/checkout@v4	2026-01-17T17:25:40.2619999Z ##[group]Checking out the ref
build	Run actions/checkout@v4	2026-01-17T17:25:40.2624165Z [command]/usr/bin/git checkout --progress --force refs/tags/v1.0.0
build	Run actions/checkout@v4	2026-01-17T17:25:40.8422199Z Note: switching to 'refs/tags/v1.0.0'.
build	Run actions/checkout@v4	2026-01-17T17:25:40.8422875Z 
build	Run actions/checkout@v4	2026-01-17T17:25:40.8423220Z You are in 'detached HEAD' state. You can look around, make experimental
build	Run actions/checkout@v4	2026-01-17T17:25:40.8423871Z changes and commit them, and you can discard any commits you make in this
build	Run actions/checkout@v4	2026-01-17T17:25:40.8424439Z state without impacting any branches by switching back to a branch.
build	Run actions/checkout@v4	2026-01-17T17:25:40.8424799Z 
build	Run actions/checkout@v4	2026-01-17T17:25:40.8425051Z If you want to create a new branch to retain commits you create, you may
build	Run actions/checkout@v4	2026-01-17T17:25:40.8425605Z do so (now or later) by using -c with the switch command. Example:
build	Run actions/checkout@v4	2026-01-17T17:25:40.8425929Z 
build	Run actions/checkout@v4	2026-01-17T17:25:40.8426056Z   git switch -c <new-branch-name>
build	Run actions/checkout@v4	2026-01-17T17:25:40.8426581Z 
build	Run actions/checkout@v4	2026-01-17T17:25:40.8426718Z Or undo this operation with:
build	Run actions/checkout@v4	2026-01-17T17:25:40.8426916Z 
build	Run actions/checkout@v4	2026-01-17T17:25:40.8427013Z   git switch -
build	Run actions/checkout@v4	2026-01-17T17:25:40.8427189Z 
build	Run actions/checkout@v4	2026-01-17T17:25:40.8427486Z Turn off this advice by setting config variable advice.detachedHead to false
build	Run actions/checkout@v4	2026-01-17T17:25:40.8427896Z 
build	Run actions/checkout@v4	2026-01-17T17:25:40.8428093Z HEAD is now at 0de11e7 Configure GitHub Release workflow
build	Run actions/checkout@v4	2026-01-17T17:25:40.8478069Z ##[endgroup]
build	Run actions/checkout@v4	2026-01-17T17:25:40.8517651Z [command]/usr/bin/git log -1 --format=%H
build	Run actions/checkout@v4	2026-01-17T17:25:40.8539523Z 0de11e7cf33835231a7659fa9e3314da570e07e0
build	set up JDK 17	ï»¿2026-01-17T17:25:40.8783818Z ##[group]Run actions/setup-java@v4
build	set up JDK 17	2026-01-17T17:25:40.8784096Z with:
build	set up JDK 17	2026-01-17T17:25:40.8784291Z   java-version: 17
build	set up JDK 17	2026-01-17T17:25:40.8784525Z   distribution: temurin
build	set up JDK 17	2026-01-17T17:25:40.8784728Z   cache: gradle
build	set up JDK 17	2026-01-17T17:25:40.8784916Z   java-package: jdk
build	set up JDK 17	2026-01-17T17:25:40.8785110Z   check-latest: false
build	set up JDK 17	2026-01-17T17:25:40.8785326Z   server-id: github
build	set up JDK 17	2026-01-17T17:25:40.8785529Z   server-username: GITHUB_ACTOR
build	set up JDK 17	2026-01-17T17:25:40.8785782Z   server-password: GITHUB_TOKEN
build	set up JDK 17	2026-01-17T17:25:40.8786011Z   overwrite-settings: true
build	set up JDK 17	2026-01-17T17:25:40.8786227Z   job-status: success
build	set up JDK 17	2026-01-17T17:25:40.8786536Z   token: ***
build	set up JDK 17	2026-01-17T17:25:40.8786717Z ##[endgroup]
build	set up JDK 17	2026-01-17T17:25:41.0711758Z ##[group]Installed distributions
build	set up JDK 17	2026-01-17T17:25:41.1191637Z Resolved Java 17.0.17+10 from tool-cache
build	set up JDK 17	2026-01-17T17:25:41.1192882Z Setting Java 17.0.17+10 as the default
build	set up JDK 17	2026-01-17T17:25:41.1206044Z Creating toolchains.xml for JDK version 17 from temurin
build	set up JDK 17	2026-01-17T17:25:41.1280010Z Writing to /home/runner/.m2/toolchains.xml
build	set up JDK 17	2026-01-17T17:25:41.1280519Z 
build	set up JDK 17	2026-01-17T17:25:41.1280666Z Java configuration:
build	set up JDK 17	2026-01-17T17:25:41.1282496Z   Distribution: temurin
build	set up JDK 17	2026-01-17T17:25:41.1282918Z   Version: 17.0.17+10
build	set up JDK 17	2026-01-17T17:25:41.1283561Z   Path: /opt/hostedtoolcache/Java_Temurin-Hotspot_jdk/17.0.17-10/x64
build	set up JDK 17	2026-01-17T17:25:41.1284100Z 
build	set up JDK 17	2026-01-17T17:25:41.1284548Z ##[endgroup]
build	set up JDK 17	2026-01-17T17:25:41.1302213Z Creating settings.xml with server-id: github
build	set up JDK 17	2026-01-17T17:25:41.1306090Z Writing to /home/runner/.m2/settings.xml
build	set up JDK 17	2026-01-17T17:25:41.5284711Z gradle cache is not found
build	Grant execute permission for gradlew	ï»¿2026-01-17T17:25:41.5410939Z ##[group]Run chmod +x gradlew
build	Grant execute permission for gradlew	2026-01-17T17:25:41.5411245Z [36;1mchmod +x gradlew[0m
build	Grant execute permission for gradlew	2026-01-17T17:25:41.5447947Z shell: /usr/bin/bash -e {0}
build	Grant execute permission for gradlew	2026-01-17T17:25:41.5448195Z env:
build	Grant execute permission for gradlew	2026-01-17T17:25:41.5448480Z   JAVA_HOME: /opt/hostedtoolcache/Java_Temurin-Hotspot_jdk/17.0.17-10/x64
build	Grant execute permission for gradlew	2026-01-17T17:25:41.5448969Z   JAVA_HOME_17_X64: /opt/hostedtoolcache/Java_Temurin-Hotspot_jdk/17.0.17-10/x64
build	Grant execute permission for gradlew	2026-01-17T17:25:41.5449332Z ##[endgroup]
build	Build with Gradle	ï»¿2026-01-17T17:25:41.5625369Z ##[group]Run ./gradlew build
build	Build with Gradle	2026-01-17T17:25:41.5625626Z [36;1m./gradlew build[0m
build	Build with Gradle	2026-01-17T17:25:41.5655221Z shell: /usr/bin/bash -e {0}
build	Build with Gradle	2026-01-17T17:25:41.5655450Z env:
build	Build with Gradle	2026-01-17T17:25:41.5655722Z   JAVA_HOME: /opt/hostedtoolcache/Java_Temurin-Hotspot_jdk/17.0.17-10/x64
build	Build with Gradle	2026-01-17T17:25:41.5656183Z   JAVA_HOME_17_X64: /opt/hostedtoolcache/Java_Temurin-Hotspot_jdk/17.0.17-10/x64
build	Build with Gradle	2026-01-17T17:25:41.5656545Z ##[endgroup]
build	Build with Gradle	2026-01-17T17:25:42.9882072Z Downloading https://services.gradle.org/distributions/gradle-8.9-bin.zip
build	Build with Gradle	2026-01-17T17:25:45.8526331Z ............10%.............20%.............30%.............40%.............50%.............60%.............70%.............80%.............90%.............100%
build	Build with Gradle	2026-01-17T17:25:47.1129718Z 
build	Build with Gradle	2026-01-17T17:25:47.1130682Z Welcome to Gradle 8.9!
build	Build with Gradle	2026-01-17T17:25:47.1131066Z 
build	Build with Gradle	2026-01-17T17:25:47.1132495Z Here are the highlights of this release:
build	Build with Gradle	2026-01-17T17:25:47.1133782Z  - Enhanced Error and Warning Messages
build	Build with Gradle	2026-01-17T17:25:47.1134811Z  - IDE Integration Improvements
build	Build with Gradle	2026-01-17T17:25:47.1136662Z  - Daemon JVM Information
build	Build with Gradle	2026-01-17T17:25:47.1136932Z 
build	Build with Gradle	2026-01-17T17:25:47.1137915Z For more details see https://docs.gradle.org/8.9/release-notes.html
build	Build with Gradle	2026-01-17T17:25:47.1138535Z 
build	Build with Gradle	2026-01-17T17:25:47.3108148Z Starting a Gradle Daemon (subsequent builds will be faster)
build	Build with Gradle	2026-01-17T17:27:09.9112205Z > Task :app:preBuild UP-TO-DATE
build	Build with Gradle	2026-01-17T17:27:09.9115302Z > Task :app:preDebugBuild UP-TO-DATE
build	Build with Gradle	2026-01-17T17:27:09.9117493Z > Task :app:mergeDebugNativeDebugMetadata NO-SOURCE
build	Build with Gradle	2026-01-17T17:27:09.9118706Z > Task :app:checkKotlinGradlePluginConfigurationErrors SKIPPED
build	Build with Gradle	2026-01-17T17:27:39.9089006Z > Task :app:checkDebugAarMetadata
build	Build with Gradle	2026-01-17T17:28:33.6122811Z > Task :app:generateDebugResValues
build	Build with Gradle	2026-01-17T17:28:33.7107573Z > Task :app:mapDebugSourceSetPaths
build	Build with Gradle	2026-01-17T17:28:33.7108144Z > Task :app:generateDebugResources
build	Build with Gradle	2026-01-17T17:28:34.7088747Z > Task :app:packageDebugResources
build	Build with Gradle	2026-01-17T17:28:35.3088562Z > Task :app:mergeDebugResources
build	Build with Gradle	2026-01-17T17:28:35.7114907Z > Task :app:createDebugCompatibleScreenManifests
build	Build with Gradle	2026-01-17T17:28:35.7144270Z > Task :app:extractDeepLinksDebug
build	Build with Gradle	2026-01-17T17:28:35.8088278Z > Task :app:parseDebugLocalResources
build	Build with Gradle	2026-01-17T17:28:36.0103318Z > Task :app:processDebugMainManifest
build	Build with Gradle	2026-01-17T17:28:36.1092838Z > Task :app:processDebugManifest
build	Build with Gradle	2026-01-17T17:28:36.1095512Z > Task :app:javaPreCompileDebug
build	Build with Gradle	2026-01-17T17:28:36.1108225Z > Task :app:mergeDebugShaders
build	Build with Gradle	2026-01-17T17:28:36.1110660Z > Task :app:compileDebugShaders NO-SOURCE
build	Build with Gradle	2026-01-17T17:28:36.1113044Z > Task :app:generateDebugAssets UP-TO-DATE
build	Build with Gradle	2026-01-17T17:28:36.2143711Z > Task :app:mergeDebugAssets
build	Build with Gradle	2026-01-17T17:28:36.2144231Z > Task :app:compressDebugAssets
build	Build with Gradle	2026-01-17T17:28:38.5090581Z > Task :app:desugarDebugFileDependencies
build	Build with Gradle	2026-01-17T17:28:38.5095729Z > Task :app:mergeDebugJniLibFolders
build	Build with Gradle	2026-01-17T17:28:38.5100764Z > Task :app:checkDebugDuplicateClasses
build	Build with Gradle	2026-01-17T17:28:38.6094921Z > Task :app:mergeDebugNativeLibs
build	Build with Gradle	2026-01-17T17:29:06.1088540Z > Task :app:processDebugManifestForPackage
build	Build with Gradle	2026-01-17T17:29:08.6088423Z > Task :app:mergeExtDexDebug
build	Build with Gradle	2026-01-17T17:29:50.6096949Z 
build	Build with Gradle	2026-01-17T17:29:50.6113576Z > Task :app:stripDebugDebugSymbols
build	Build with Gradle	2026-01-17T17:29:50.6119940Z Unable to strip the following libraries, packaging them as they are: libandroidx.graphics.path.so, libdatastore_shared_counter.so.
build	Build with Gradle	2026-01-17T17:29:50.6121077Z 
build	Build with Gradle	2026-01-17T17:29:50.6131856Z > Task :app:mergeLibDexDebug
build	Build with Gradle	2026-01-17T17:29:53.1095083Z > Task :app:processDebugResources
build	Build with Gradle	2026-01-17T17:29:53.8113597Z > Task :app:validateSigningDebug
build	Build with Gradle	2026-01-17T17:30:04.0095846Z > Task :app:writeDebugAppMetadata
build	Build with Gradle	2026-01-17T17:30:04.1089485Z > Task :app:writeDebugSigningConfigVersions
build	Build with Gradle	2026-01-17T17:30:04.1112368Z > Task :app:buildKotlinToolingMetadata
build	Build with Gradle	2026-01-17T17:30:04.1113148Z > Task :app:preReleaseBuild UP-TO-DATE
build	Build with Gradle	2026-01-17T17:30:04.2088340Z > Task :app:generateReleaseResValues
build	Build with Gradle	2026-01-17T17:30:04.2142488Z > Task :app:checkReleaseAarMetadata
build	Build with Gradle	2026-01-17T17:30:04.2143556Z > Task :app:mapReleaseSourceSetPaths
build	Build with Gradle	2026-01-17T17:30:04.2144257Z > Task :app:generateReleaseResources
build	Build with Gradle	2026-01-17T17:30:05.0091246Z > Task :app:packageReleaseResources
build	Build with Gradle	2026-01-17T17:30:05.3093068Z > Task :app:parseReleaseLocalResources
build	Build with Gradle	2026-01-17T17:30:05.3094104Z > Task :app:createReleaseCompatibleScreenManifests
build	Build with Gradle	2026-01-17T17:30:05.4090192Z > Task :app:extractDeepLinksRelease
build	Build with Gradle	2026-01-17T17:30:05.4091115Z > Task :app:processReleaseMainManifest
build	Build with Gradle	2026-01-17T17:30:05.4092084Z > Task :app:processReleaseManifest
build	Build with Gradle	2026-01-17T17:30:05.4092840Z > Task :app:javaPreCompileRelease
build	Build with Gradle	2026-01-17T17:30:05.4093468Z > Task :app:processReleaseManifestForPackage
build	Build with Gradle	2026-01-17T17:30:05.5093231Z > Task :app:extractProguardFiles
build	Build with Gradle	2026-01-17T17:30:05.5094203Z > Task :app:mergeReleaseJniLibFolders
build	Build with Gradle	2026-01-17T17:30:05.5095003Z > Task :app:mergeReleaseNativeLibs
build	Build with Gradle	2026-01-17T17:30:05.5095651Z 
build	Build with Gradle	2026-01-17T17:30:05.5096018Z > Task :app:stripReleaseDebugSymbols
build	Build with Gradle	2026-01-17T17:30:05.5097207Z Unable to strip the following libraries, packaging them as they are: libandroidx.graphics.path.so, libdatastore_shared_counter.so.
build	Build with Gradle	2026-01-17T17:30:05.5098283Z 
build	Build with Gradle	2026-01-17T17:30:05.5098626Z > Task :app:checkReleaseDuplicateClasses
build	Build with Gradle	2026-01-17T17:30:05.6123298Z > Task :app:desugarReleaseFileDependencies
build	Build with Gradle	2026-01-17T17:30:05.6128092Z > Task :app:extractReleaseNativeSymbolTables
build	Build with Gradle	2026-01-17T17:30:05.6128999Z > Task :app:mergeReleaseStartupProfile
build	Build with Gradle	2026-01-17T17:30:05.6130731Z > Task :app:mergeReleaseNativeDebugMetadata NO-SOURCE
build	Build with Gradle	2026-01-17T17:30:05.6168663Z > Task :app:mergeReleaseResources
build	Build with Gradle	2026-01-17T17:30:23.8088681Z > Task :app:compileDebugKotlin
build	Build with Gradle	2026-01-17T17:30:35.6088187Z > Task :app:mergeExtDexRelease
build	Build with Gradle	2026-01-17T17:30:36.7094396Z 
build	Build with Gradle	2026-01-17T17:30:36.7094860Z > Task :app:compileDebugKotlin
build	Build with Gradle	2026-01-17T17:30:36.7096669Z w: file:///home/runner/work/BluetoothConnector/BluetoothConnector/app/src/main/java/com/example/bluetoothconnector/service/QuickConnectTileService.kt:84:70 'static fun getDefaultAdapter(): BluetoothAdapter!' is deprecated. Deprecated in Java.
build	Build with Gradle	2026-01-17T17:31:14.1088564Z 
build	Build with Gradle	2026-01-17T17:31:14.1114468Z > Task :app:compileDebugJavaWithJavac NO-SOURCE
build	Build with Gradle	2026-01-17T17:31:14.1115443Z > Task :app:processDebugJavaRes
build	Build with Gradle	2026-01-17T17:31:16.7088977Z > Task :app:dexBuilderDebug
build	Build with Gradle	2026-01-17T17:31:16.9088197Z > Task :app:mergeProjectDexDebug
build	Build with Gradle	2026-01-17T17:31:17.3088196Z > Task :app:processReleaseResources
build	Build with Gradle	2026-01-17T17:31:17.3093288Z > Task :app:mergeReleaseArtProfile
build	Build with Gradle	2026-01-17T17:31:17.4094197Z > Task :app:mergeReleaseShaders
build	Build with Gradle	2026-01-17T17:31:17.4098441Z > Task :app:compileReleaseShaders NO-SOURCE
build	Build with Gradle	2026-01-17T17:31:17.4102489Z > Task :app:generateReleaseAssets UP-TO-DATE
build	Build with Gradle	2026-01-17T17:31:17.4106691Z > Task :app:mergeReleaseAssets
build	Build with Gradle	2026-01-17T17:31:17.4110631Z > Task :app:compressReleaseAssets
build	Build with Gradle	2026-01-17T17:31:18.0091612Z > Task :app:mergeDebugJavaResource
build	Build with Gradle	2026-01-17T17:31:18.0096154Z > Task :app:extractReleaseVersionControlInfo
build	Build with Gradle	2026-01-17T17:31:19.7089789Z > Task :app:packageDebug
build	Build with Gradle	2026-01-17T17:31:19.7092035Z > Task :app:createDebugApkListingFileRedirect
build	Build with Gradle	2026-01-17T17:31:19.7092868Z > Task :app:assembleDebug
build	Build with Gradle	2026-01-17T17:31:20.0088711Z > Task :app:collectReleaseDependencies
build	Build with Gradle	2026-01-17T17:31:20.1098699Z > Task :app:sdkReleaseDependencyData
build	Build with Gradle	2026-01-17T17:31:20.1103409Z > Task :app:writeReleaseAppMetadata
build	Build with Gradle	2026-01-17T17:31:20.1104249Z > Task :app:writeReleaseSigningConfigVersions
build	Build with Gradle	2026-01-17T17:31:20.1137385Z > Task :app:optimizeReleaseResources
build	Build with Gradle	2026-01-17T17:31:20.1138346Z > Task :app:preDebugAndroidTestBuild SKIPPED
build	Build with Gradle	2026-01-17T17:31:20.1138952Z > Task :app:generateDebugAndroidTestResValues
build	Build with Gradle	2026-01-17T17:31:20.2088408Z > Task :app:bundleDebugClassesToCompileJar
build	Build with Gradle	2026-01-17T17:31:25.5099854Z > Task :app:generateDebugLintReportModel
build	Build with Gradle	2026-01-17T17:31:26.5122788Z > Task :app:generateDebugAndroidTestLintModel
build	Build with Gradle	2026-01-17T17:31:26.5123985Z > Task :app:preDebugUnitTestBuild UP-TO-DATE
build	Build with Gradle	2026-01-17T17:31:26.7088858Z > Task :app:generateDebugUnitTestLintModel
build	Build with Gradle	2026-01-17T17:31:27.5087574Z 
build	Build with Gradle	2026-01-17T17:31:27.5091905Z > Task :app:compileReleaseKotlin
build	Build with Gradle	2026-01-17T17:31:27.5097346Z w: file:///home/runner/work/BluetoothConnector/BluetoothConnector/app/src/main/java/com/example/bluetoothconnector/service/QuickConnectTileService.kt:84:70 'static fun getDefaultAdapter(): BluetoothAdapter!' is deprecated. Deprecated in Java.
build	Build with Gradle	2026-01-17T17:31:32.9099175Z 
build	Build with Gradle	2026-01-17T17:31:32.9099726Z > Task :app:compileReleaseJavaWithJavac NO-SOURCE
build	Build with Gradle	2026-01-17T17:31:32.9100378Z > Task :app:generateReleaseLintVitalReportModel
build	Build with Gradle	2026-01-17T17:31:33.4088370Z > Task :app:dexBuilderRelease
build	Build with Gradle	2026-01-17T17:31:38.1088029Z > Task :app:mergeReleaseGlobalSynthetics
build	Build with Gradle	2026-01-17T17:31:38.2088781Z > Task :app:mergeDexRelease
build	Build with Gradle	2026-01-17T17:31:38.2089620Z > Task :app:processReleaseJavaRes
build	Build with Gradle	2026-01-17T17:31:39.8088346Z > Task :app:mergeReleaseJavaResource
build	Build with Gradle	2026-01-17T17:31:40.3087966Z > Task :app:compileReleaseArtProfile
build	Build with Gradle	2026-01-17T17:31:42.7095652Z > Task :app:packageRelease
build	Build with Gradle	2026-01-17T17:31:42.7096376Z > Task :app:createReleaseApkListingFileRedirect
build	Build with Gradle	2026-01-17T17:31:42.8088319Z > Task :app:bundleDebugClassesToRuntimeJar
build	Build with Gradle	2026-01-17T17:31:42.8090824Z > Task :app:compileDebugUnitTestKotlin NO-SOURCE
build	Build with Gradle	2026-01-17T17:31:42.8092161Z > Task :app:javaPreCompileDebugUnitTest
build	Build with Gradle	2026-01-17T17:31:42.8107044Z > Task :app:compileDebugUnitTestJavaWithJavac NO-SOURCE
build	Build with Gradle	2026-01-17T17:31:42.8110837Z > Task :app:processDebugUnitTestJavaRes NO-SOURCE
build	Build with Gradle	2026-01-17T17:31:42.8111869Z > Task :app:testDebugUnitTest NO-SOURCE
build	Build with Gradle	2026-01-17T17:31:42.8122870Z > Task :app:bundleReleaseClassesToRuntimeJar
build	Build with Gradle	2026-01-17T17:31:42.9124545Z > Task :app:bundleReleaseClassesToCompileJar
build	Build with Gradle	2026-01-17T17:31:42.9125228Z > Task :app:compileReleaseUnitTestKotlin NO-SOURCE
build	Build with Gradle	2026-01-17T17:31:42.9125835Z > Task :app:preReleaseUnitTestBuild UP-TO-DATE
build	Build with Gradle	2026-01-17T17:31:42.9126365Z > Task :app:javaPreCompileReleaseUnitTest
build	Build with Gradle	2026-01-17T17:31:42.9126961Z > Task :app:compileReleaseUnitTestJavaWithJavac NO-SOURCE
build	Build with Gradle	2026-01-17T17:31:42.9127589Z > Task :app:processReleaseUnitTestJavaRes NO-SOURCE
build	Build with Gradle	2026-01-17T17:31:42.9128163Z > Task :app:testReleaseUnitTest NO-SOURCE
build	Build with Gradle	2026-01-17T17:31:42.9128622Z > Task :app:test UP-TO-DATE
build	Build with Gradle	2026-01-17T17:31:45.9102772Z > Task :app:lintAnalyzeDebugAndroidTest
build	Build with Gradle	2026-01-17T17:31:48.0114062Z > Task :app:lintAnalyzeDebugUnitTest
build	Build with Gradle	2026-01-17T17:31:55.2095149Z > Task :app:lintVitalAnalyzeRelease
build	Build with Gradle	2026-01-17T17:31:55.2095745Z > Task :app:lintVitalReportRelease SKIPPED
build	Build with Gradle	2026-01-17T17:31:55.2096245Z > Task :app:lintVitalRelease SKIPPED
build	Build with Gradle	2026-01-17T17:31:55.2096700Z > Task :app:assembleRelease
build	Build with Gradle	2026-01-17T17:31:55.2097068Z > Task :app:assemble
build	Build with Gradle	2026-01-17T17:31:56.7088630Z > Task :app:lintAnalyzeDebug
build	Build with Gradle	2026-01-17T17:32:04.5095616Z 
build	Build with Gradle	2026-01-17T17:32:04.5096345Z > Task :app:lintReportDebug
build	Build with Gradle	2026-01-17T17:32:04.5097389Z Wrote HTML report to file:///home/runner/work/BluetoothConnector/BluetoothConnector/app/build/reports/lint-results-debug.html
build	Build with Gradle	2026-01-17T17:32:04.5098258Z 
build	Build with Gradle	2026-01-17T17:32:04.5098480Z > Task :app:lintDebug FAILED
build	Build with Gradle	2026-01-17T17:32:04.5100122Z Lint found 5 errors, 45 warnings. First failure:
build	Build with Gradle	2026-01-17T17:32:04.5113219Z 
build	Build with Gradle	2026-01-17T17:32:04.5116531Z /home/runner/work/BluetoothConnector/BluetoothConnector/app/src/main/java/com/example/bluetoothconnector/ui/DeviceSelectionActivity.kt:77: Error: Call requires permission which may be rejected by user: code should explicitly check to see if permission is available (with checkPermission) or explicitly handle a potential SecurityException [MissingPermission]
build	Build with Gradle	2026-01-17T17:32:04.5148944Z             putString(QuickConnectTileService.KEY_DEVICE_NAME, device.name ?: getString(R.string.device_unknown))
build	Build with Gradle	2026-01-17T17:32:04.5149919Z                                                                ~~~~~~~~~~~
build	Build with Gradle	2026-01-17T17:32:04.5150266Z 
build	Build with Gradle	2026-01-17T17:32:04.5150484Z    Explanation for issues of type "MissingPermission":
build	Build with Gradle	2026-01-17T17:32:04.5151150Z    This check scans through your code and libraries and looks at the APIs
build	Build with Gradle	2026-01-17T17:32:04.5160450Z    being used, and checks this against the set of permissions required to
build	Build with Gradle	2026-01-17T17:32:04.5161275Z    access those APIs. If the code using those APIs is called at runtime, then
build	Build with Gradle	2026-01-17T17:32:04.5162062Z    the program will crash.
build	Build with Gradle	2026-01-17T17:32:04.5162312Z 
build	Build with Gradle	2026-01-17T17:32:04.5163070Z    Furthermore, for permissions that are revocable (with targetSdkVersion 23),
build	Build with Gradle	2026-01-17T17:32:04.5163894Z    client code must also be prepared to handle the calls throwing an exception
build	Build with Gradle	2026-01-17T17:32:04.5164582Z    if the user rejects the request for permission at runtime.
build	Build with Gradle	2026-01-17T17:32:04.5164968Z 
build	Build with Gradle	2026-01-17T17:32:04.5164975Z 
build	Build with Gradle	2026-01-17T17:32:04.5165132Z The full lint text report is located at:
build	Build with Gradle	2026-01-17T17:32:04.5166278Z   /home/runner/work/BluetoothConnector/BluetoothConnector/app/build/intermediates/lint_intermediate_text_report/debug/lintReportDebug/lint-results-debug.txt
build	Build with Gradle	2026-01-17T17:32:04.6098842Z 94 actionable tasks: 94 executed
build	Build with Gradle	2026-01-17T17:32:04.6099355Z 
build	Build with Gradle	2026-01-17T17:32:04.6112553Z FAILURE: Build failed with an exception.
build	Build with Gradle	2026-01-17T17:32:04.6113926Z 
build	Build with Gradle	2026-01-17T17:32:04.6114074Z * What went wrong:
build	Build with Gradle	2026-01-17T17:32:04.6114466Z Execution failed for task ':app:lintDebug'.
build	Build with Gradle	2026-01-17T17:32:04.6115011Z > Lint found errors in the project; aborting build.
build	Build with Gradle	2026-01-17T17:32:04.6115508Z   
build	Build with Gradle	2026-01-17T17:32:04.6116050Z   Fix the issues identified by lint, or create a baseline to see only new errors.
build	Build with Gradle	2026-01-17T17:32:04.6117240Z   To create a baseline, run `gradlew updateLintBaseline` after adding the following to the module's build.gradle file:
build	Build with Gradle	2026-01-17T17:32:04.6118142Z   ```
build	Build with Gradle	2026-01-17T17:32:04.6118414Z   android {
build	Build with Gradle	2026-01-17T17:32:04.6118676Z       lint {
build	Build with Gradle	2026-01-17T17:32:04.6119457Z           baseline = file("lint-baseline.xml")
build	Build with Gradle	2026-01-17T17:32:04.6119897Z       }
build	Build with Gradle	2026-01-17T17:32:04.6120144Z   }
build	Build with Gradle	2026-01-17T17:32:04.6120395Z   ```
build	Build with Gradle	2026-01-17T17:32:04.6120932Z   For more details, see https://developer.android.com/studio/write/lint#snapshot
build	Build with Gradle	2026-01-17T17:32:04.6130416Z   
build	Build with Gradle	2026-01-17T17:32:04.6130796Z   Lint found 5 errors, 45 warnings. First failure:
build	Build with Gradle	2026-01-17T17:32:04.6131258Z   
build	Build with Gradle	2026-01-17T17:32:04.6133791Z   /home/runner/work/BluetoothConnector/BluetoothConnector/app/src/main/java/com/example/bluetoothconnector/ui/DeviceSelectionActivity.kt:77: Error: Call requires permission which may be rejected by user: code should explicitly check to see if permission is available (with checkPermission) or explicitly handle a potential SecurityException [MissingPermission]
build	Build with Gradle	2026-01-17T17:32:04.6136749Z               putString(QuickConnectTileService.KEY_DEVICE_NAME, device.name ?: getString(R.string.device_unknown))
build	Build with Gradle	2026-01-17T17:32:04.6137683Z                                                                  ~~~~~~~~~~~
build	Build with Gradle	2026-01-17T17:32:04.6138153Z   
build	Build with Gradle	2026-01-17T17:32:04.6138531Z      Explanation for issues of type "MissingPermission":
build	Build with Gradle	2026-01-17T17:32:04.6139224Z      This check scans through your code and libraries and looks at the APIs
build	Build with Gradle	2026-01-17T17:32:04.6140016Z      being used, and checks this against the set of permissions required to
build	Build with Gradle	2026-01-17T17:32:04.6140837Z      access those APIs. If the code using those APIs is called at runtime, then
build	Build with Gradle	2026-01-17T17:32:04.6141620Z      the program will crash.
build	Build with Gradle	2026-01-17T17:32:04.6141980Z   
build	Build with Gradle	2026-01-17T17:32:04.6142472Z      Furthermore, for permissions that are revocable (with targetSdkVersion 23),
build	Build with Gradle	2026-01-17T17:32:04.6143332Z      client code must also be prepared to handle the calls throwing an exception
build	Build with Gradle	2026-01-17T17:32:04.6144050Z      if the user rejects the request for permission at runtime.
build	Build with Gradle	2026-01-17T17:32:04.6144557Z   
build	Build with Gradle	2026-01-17T17:32:04.6144800Z   
build	Build with Gradle	2026-01-17T17:32:04.6145092Z   The full lint text report is located at:
build	Build with Gradle	2026-01-17T17:32:04.6146325Z     /home/runner/work/BluetoothConnector/BluetoothConnector/app/build/intermediates/lint_intermediate_text_report/debug/lintReportDebug/lint-results-debug.txt
build	Build with Gradle	2026-01-17T17:32:04.6147423Z 
build	Build with Gradle	2026-01-17T17:32:04.6147531Z * Try:
build	Build with Gradle	2026-01-17T17:32:04.6147912Z > Run with --stacktrace option to get the stack trace.
build	Build with Gradle	2026-01-17T17:32:04.6148519Z > Run with --info or --debug option to get more log output.
build	Build with Gradle	2026-01-17T17:32:04.6149064Z > Run with --scan to get full insights.
build	Build with Gradle	2026-01-17T17:32:04.6149541Z > Get more help at https://help.gradle.org.
build	Build with Gradle	2026-01-17T17:32:04.6149871Z 
build	Build with Gradle	2026-01-17T17:32:04.6150000Z BUILD FAILED in 6m 21s
build	Build with Gradle	2026-01-17T17:32:05.0143007Z ##[error]Process completed with exit code 1.
build	Post set up JDK 17	ï»¿2026-01-17T17:32:05.0254552Z Post job cleanup.
build	Post Run actions/checkout@v4	ï»¿2026-01-17T17:32:05.2004712Z Post job cleanup.
build	Post Run actions/checkout@v4	2026-01-17T17:32:05.2929318Z [command]/usr/bin/git version
build	Post Run actions/checkout@v4	2026-01-17T17:32:05.2970004Z git version 2.52.0
build	Post Run actions/checkout@v4	2026-01-17T17:32:05.3014952Z Temporarily overriding HOME='/home/runner/work/_temp/c2b1a8ce-22ba-4553-8ca0-dc2e7a520849' before making global git config changes
build	Post Run actions/checkout@v4	2026-01-17T17:32:05.3016283Z Adding repository directory to the temporary git global config as a safe directory
build	Post Run actions/checkout@v4	2026-01-17T17:32:05.3021673Z [command]/usr/bin/git config --global --add safe.directory /home/runner/work/BluetoothConnector/BluetoothConnector
build	Post Run actions/checkout@v4	2026-01-17T17:32:05.3060139Z [command]/usr/bin/git config --local --name-only --get-regexp core\.sshCommand
build	Post Run actions/checkout@v4	2026-01-17T17:32:05.3094165Z [command]/usr/bin/git submodule foreach --recursive sh -c "git config --local --name-only --get-regexp 'core\.sshCommand' && git config --local --unset-all 'core.sshCommand' || :"
build	Post Run actions/checkout@v4	2026-01-17T17:32:05.3339351Z [command]/usr/bin/git config --local --name-only --get-regexp http\.https\:\/\/github\.com\/\.extraheader
build	Post Run actions/checkout@v4	2026-01-17T17:32:05.3362270Z http.https://github.com/.extraheader
build	Post Run actions/checkout@v4	2026-01-17T17:32:05.3375273Z [command]/usr/bin/git config --local --unset-all http.https://github.com/.extraheader
build	Post Run actions/checkout@v4	2026-01-17T17:32:05.3407433Z [command]/usr/bin/git submodule foreach --recursive sh -c "git config --local --name-only --get-regexp 'http\.https\:\/\/github\.com\/\.extraheader' && git config --local --unset-all 'http.https://github.com/.extraheader' || :"
build	Post Run actions/checkout@v4	2026-01-17T17:32:05.3648423Z [command]/usr/bin/git config --local --name-only --get-regexp ^includeIf\.gitdir:
build	Post Run actions/checkout@v4	2026-01-17T17:32:05.3678957Z [command]/usr/bin/git submodule foreach --recursive git config --local --show-origin --name-only --get-regexp remote.origin.url
build	Complete job	ï»¿2026-01-17T17:32:05.3996295Z Cleaning up orphan processes
build	Complete job	2026-01-17T17:32:05.4332529Z Terminate orphan process: pid (2170) (java)
build	Complete job	2026-01-17T17:32:05.4363887Z Terminate orphan process: pid (2364) (java)
